
> nextjs_tailwind_shadcn_ts@0.1.0 build
> next build && shx cp -r .next/static .next/standalone/.next/ && shx cp -r public .next/standalone/

   Γû▓ Next.js 15.3.5

   Creating an optimized production build ...
node.exe :  ΓÜá 
Compiled with 
warnings in 1000ms
At line:1 char:1
+ & "C:\Program Files
\nodejs/node.exe" 
"C:\Program 
Files\nodejs/node_mo 
...
+ ~~~~~~~~~~~~~~~~~~~
~~~~~~~~~~~~~~~~~~~~~
~~~~~~~~~~~~~~~~~~~~~
~~~~~~~~
    + CategoryInfo   
           : NotSpe  
  cified: ( ΓÜá Co   
 mpiled with warn    
ings in 1000ms:S    
tring) [], Remot    
eException
    + FullyQualified 
   ErrorId : Native  
  CommandError
 

./src/app/product/[id
]/page.tsx
Attempted import 
error: 'useWhatsApp' 
is not exported from 
'@/lib/whatsapp' 
(imported as 
'useWhatsApp').

Import trace for 
requested module:
./src/app/product/[id
]/page.tsx

 ΓÜá Compiled with 
warnings in 0ms

./src/app/product/[id
]/page.tsx
Attempted import 
error: 'useWhatsApp' 
is not exported from 
'@/lib/whatsapp' 
(imported as 
'useWhatsApp').

Import trace for 
requested module:
./src/app/product/[id
]/page.tsx

 Γ£ô Compiled successfully in 1000ms
   Skipping validation of types
   Skipping linting
   Collecting page data ...
Error: 
@prisma/client did 
not initialize yet. 
Please run "prisma 
generate" and try to 
import it again.
    at 1678 (C:\Users
\dines\Downloads\sash
a\-24julex-main\-24ju
lex-main\workspace-13
2bedbe-e175-41b3-a072
-98132b4292ec (1)\.ne
xt\server\app\api\pro
ducts\route.js:1:147)
    at t (C:\Users\di
nes\Downloads\sasha\-
24julex-main\-24julex
-main\workspace-132be
dbe-e175-41b3-a072-98
132b4292ec (1)\.next\
server\webpack-runtim
e.js:1:127)
    at 26119 (C:\User
s\dines\Downloads\sas
ha\-24julex-main\-24j
ulex-main\workspace-1
32bedbe-e175-41b3-a07
2-98132b4292ec (1)\.n
ext\server\app\api\pr
oducts\route.js:1:621
)
    at t (C:\Users\di
nes\Downloads\sasha\-
24julex-main\-24julex
-main\workspace-132be
dbe-e175-41b3-a072-98
132b4292ec (1)\.next\
server\webpack-runtim
e.js:1:127)
    at t (C:\Users\di
nes\Downloads\sasha\-
24julex-main\-24julex
-main\workspace-132be
dbe-e175-41b3-a072-98
132b4292ec (1)\.next\
server\app\api\produc
ts\route.js:1:3277)
    at <unknown> (C:\
Users\dines\Downloads
\sasha\-24julex-main\
-24julex-main\workspa
ce-132bedbe-e175-41b3
-a072-98132b4292ec (1
)\.next\server\app\ap
i\products\route.js:1
:3308)
    at t.X (C:\Users\
dines\Downloads\sasha
\-24julex-main\-24jul
ex-main\workspace-132
bedbe-e175-41b3-a072-
98132b4292ec (1)\.nex
t\server\webpack-runt
ime.js:1:1191)
    at <unknown> (C:\
Users\dines\Downloads
\sasha\-24julex-main\
-24julex-main\workspa
ce-132bedbe-e175-41b3
-a072-98132b4292ec (1
)\.next\server\app\ap
i\products\route.js:1
:3290)
    at 
Object.<anonymous> (C
:\Users\dines\Downloa
ds\sasha\-24julex-mai
n\-24julex-main\works
pace-132bedbe-e175-41
b3-a072-98132b4292ec 
(1)\.next\server\app\
api\products\route.js
:1:3336)

> Build error 
occurred
[Error: Failed to 
collect page data 
for /api/products] { 
type: 'Error' }
